ra:  00000000 sp:  00000000 t0:  00000000 t1:  00000000 t2:  00000000 s0:  00000000 s1:  00000000 a0:  00000000 PC:  00000000 inst:  00100513 Time_Step:  0000
ra:  00000000 sp:  00000000 t0:  00000000 t1:  00000000 t2:  00000000 s0:  00000000 s1:  00000000 a0:  00000000 PC:  00000004 inst:  00000413 Time_Step:  0001
ra:  00000000 sp:  00000000 t0:  00000000 t1:  00000000 t2:  00000000 s0:  00000000 s1:  00000000 a0:  00000001 PC:  00000008 inst:  00b00293 Time_Step:  0002
ra:  00000000 sp:  00000000 t0:  00000000 t1:  00000000 t2:  00000000 s0:  00000000 s1:  00000000 a0:  00000001 PC:  0000000c inst:  00555863 Time_Step:  0003
ra:  00000000 sp:  00000000 t0:  0000000b t1:  00000000 t2:  00000000 s0:  00000000 s1:  00000000 a0:  00000001 PC:  00000010 inst:  00a40433 Time_Step:  0004
ra:  00000000 sp:  00000000 t0:  0000000b t1:  00000000 t2:  00000000 s0:  00000000 s1:  00000000 a0:  00000001 PC:  00000014 inst:  00150513 Time_Step:  0005
ra:  00000000 sp:  00000000 t0:  0000000b t1:  00000000 t2:  00000000 s0:  00000001 s1:  00000000 a0:  00000001 PC:  00000018 inst:  ff5ff06f Time_Step:  0006
ra:  00000000 sp:  00000000 t0:  0000000b t1:  00000000 t2:  00000000 s0:  00000001 s1:  00000000 a0:  00000002 PC:  0000001c inst:  00000013 Time_Step:  0007
ra:  00000000 sp:  00000000 t0:  0000000b t1:  00000000 t2:  00000000 s0:  00000001 s1:  00000000 a0:  00000002 PC:  0000000c inst:  00555863 Time_Step:  0008
ra:  00000000 sp:  00000000 t0:  0000000b t1:  00000000 t2:  00000000 s0:  00000001 s1:  00000000 a0:  00000002 PC:  00000010 inst:  00a40433 Time_Step:  0009
ra:  00000000 sp:  00000000 t0:  0000000b t1:  00000000 t2:  00000000 s0:  00000001 s1:  00000000 a0:  00000002 PC:  00000014 inst:  00150513 Time_Step:  000a
ra:  00000000 sp:  00000000 t0:  0000000b t1:  00000000 t2:  00000000 s0:  00000003 s1:  00000000 a0:  00000002 PC:  00000018 inst:  ff5ff06f Time_Step:  000b
ra:  00000000 sp:  00000000 t0:  0000000b t1:  00000000 t2:  00000000 s0:  00000003 s1:  00000000 a0:  00000003 PC:  0000001c inst:  00000013 Time_Step:  000c
ra:  00000000 sp:  00000000 t0:  0000000b t1:  00000000 t2:  00000000 s0:  00000003 s1:  00000000 a0:  00000003 PC:  0000000c inst:  00555863 Time_Step:  000d
ra:  00000000 sp:  00000000 t0:  0000000b t1:  00000000 t2:  00000000 s0:  00000003 s1:  00000000 a0:  00000003 PC:  00000010 inst:  00a40433 Time_Step:  000e
ra:  00000000 sp:  00000000 t0:  0000000b t1:  00000000 t2:  00000000 s0:  00000003 s1:  00000000 a0:  00000003 PC:  00000014 inst:  00150513 Time_Step:  000f
ra:  00000000 sp:  00000000 t0:  0000000b t1:  00000000 t2:  00000000 s0:  00000006 s1:  00000000 a0:  00000003 PC:  00000018 inst:  ff5ff06f Time_Step:  0010
ra:  00000000 sp:  00000000 t0:  0000000b t1:  00000000 t2:  00000000 s0:  00000006 s1:  00000000 a0:  00000004 PC:  0000001c inst:  00000013 Time_Step:  0011
ra:  00000000 sp:  00000000 t0:  0000000b t1:  00000000 t2:  00000000 s0:  00000006 s1:  00000000 a0:  00000004 PC:  0000000c inst:  00555863 Time_Step:  0012
ra:  00000000 sp:  00000000 t0:  0000000b t1:  00000000 t2:  00000000 s0:  00000006 s1:  00000000 a0:  00000004 PC:  00000010 inst:  00a40433 Time_Step:  0013
ra:  00000000 sp:  00000000 t0:  0000000b t1:  00000000 t2:  00000000 s0:  00000006 s1:  00000000 a0:  00000004 PC:  00000014 inst:  00150513 Time_Step:  0014
ra:  00000000 sp:  00000000 t0:  0000000b t1:  00000000 t2:  00000000 s0:  0000000a s1:  00000000 a0:  00000004 PC:  00000018 inst:  ff5ff06f Time_Step:  0015
ra:  00000000 sp:  00000000 t0:  0000000b t1:  00000000 t2:  00000000 s0:  0000000a s1:  00000000 a0:  00000005 PC:  0000001c inst:  00000013 Time_Step:  0016
ra:  00000000 sp:  00000000 t0:  0000000b t1:  00000000 t2:  00000000 s0:  0000000a s1:  00000000 a0:  00000005 PC:  0000000c inst:  00555863 Time_Step:  0017
ra:  00000000 sp:  00000000 t0:  0000000b t1:  00000000 t2:  00000000 s0:  0000000a s1:  00000000 a0:  00000005 PC:  00000010 inst:  00a40433 Time_Step:  0018
ra:  00000000 sp:  00000000 t0:  0000000b t1:  00000000 t2:  00000000 s0:  0000000a s1:  00000000 a0:  00000005 PC:  00000014 inst:  00150513 Time_Step:  0019
ra:  00000000 sp:  00000000 t0:  0000000b t1:  00000000 t2:  00000000 s0:  0000000f s1:  00000000 a0:  00000005 PC:  00000018 inst:  ff5ff06f Time_Step:  001a
ra:  00000000 sp:  00000000 t0:  0000000b t1:  00000000 t2:  00000000 s0:  0000000f s1:  00000000 a0:  00000006 PC:  0000001c inst:  00000013 Time_Step:  001b
ra:  00000000 sp:  00000000 t0:  0000000b t1:  00000000 t2:  00000000 s0:  0000000f s1:  00000000 a0:  00000006 PC:  0000000c inst:  00555863 Time_Step:  001c
ra:  00000000 sp:  00000000 t0:  0000000b t1:  00000000 t2:  00000000 s0:  0000000f s1:  00000000 a0:  00000006 PC:  00000010 inst:  00a40433 Time_Step:  001d
ra:  00000000 sp:  00000000 t0:  0000000b t1:  00000000 t2:  00000000 s0:  0000000f s1:  00000000 a0:  00000006 PC:  00000014 inst:  00150513 Time_Step:  001e
ra:  00000000 sp:  00000000 t0:  0000000b t1:  00000000 t2:  00000000 s0:  00000015 s1:  00000000 a0:  00000006 PC:  00000018 inst:  ff5ff06f Time_Step:  001f
ra:  00000000 sp:  00000000 t0:  0000000b t1:  00000000 t2:  00000000 s0:  00000015 s1:  00000000 a0:  00000007 PC:  0000001c inst:  00000013 Time_Step:  0020
ra:  00000000 sp:  00000000 t0:  0000000b t1:  00000000 t2:  00000000 s0:  00000015 s1:  00000000 a0:  00000007 PC:  0000000c inst:  00555863 Time_Step:  0021
ra:  00000000 sp:  00000000 t0:  0000000b t1:  00000000 t2:  00000000 s0:  00000015 s1:  00000000 a0:  00000007 PC:  00000010 inst:  00a40433 Time_Step:  0022
ra:  00000000 sp:  00000000 t0:  0000000b t1:  00000000 t2:  00000000 s0:  00000015 s1:  00000000 a0:  00000007 PC:  00000014 inst:  00150513 Time_Step:  0023
ra:  00000000 sp:  00000000 t0:  0000000b t1:  00000000 t2:  00000000 s0:  0000001c s1:  00000000 a0:  00000007 PC:  00000018 inst:  ff5ff06f Time_Step:  0024
ra:  00000000 sp:  00000000 t0:  0000000b t1:  00000000 t2:  00000000 s0:  0000001c s1:  00000000 a0:  00000008 PC:  0000001c inst:  00000013 Time_Step:  0025
ra:  00000000 sp:  00000000 t0:  0000000b t1:  00000000 t2:  00000000 s0:  0000001c s1:  00000000 a0:  00000008 PC:  0000000c inst:  00555863 Time_Step:  0026
ra:  00000000 sp:  00000000 t0:  0000000b t1:  00000000 t2:  00000000 s0:  0000001c s1:  00000000 a0:  00000008 PC:  00000010 inst:  00a40433 Time_Step:  0027
ra:  00000000 sp:  00000000 t0:  0000000b t1:  00000000 t2:  00000000 s0:  0000001c s1:  00000000 a0:  00000008 PC:  00000014 inst:  00150513 Time_Step:  0028
ra:  00000000 sp:  00000000 t0:  0000000b t1:  00000000 t2:  00000000 s0:  00000024 s1:  00000000 a0:  00000008 PC:  00000018 inst:  ff5ff06f Time_Step:  0029
ra:  00000000 sp:  00000000 t0:  0000000b t1:  00000000 t2:  00000000 s0:  00000024 s1:  00000000 a0:  00000009 PC:  0000001c inst:  00000013 Time_Step:  002a
ra:  00000000 sp:  00000000 t0:  0000000b t1:  00000000 t2:  00000000 s0:  00000024 s1:  00000000 a0:  00000009 PC:  0000000c inst:  00555863 Time_Step:  002b
ra:  00000000 sp:  00000000 t0:  0000000b t1:  00000000 t2:  00000000 s0:  00000024 s1:  00000000 a0:  00000009 PC:  00000010 inst:  00a40433 Time_Step:  002c
ra:  00000000 sp:  00000000 t0:  0000000b t1:  00000000 t2:  00000000 s0:  00000024 s1:  00000000 a0:  00000009 PC:  00000014 inst:  00150513 Time_Step:  002d
ra:  00000000 sp:  00000000 t0:  0000000b t1:  00000000 t2:  00000000 s0:  0000002d s1:  00000000 a0:  00000009 PC:  00000018 inst:  ff5ff06f Time_Step:  002e
ra:  00000000 sp:  00000000 t0:  0000000b t1:  00000000 t2:  00000000 s0:  0000002d s1:  00000000 a0:  0000000a PC:  0000001c inst:  00000013 Time_Step:  002f
ra:  00000000 sp:  00000000 t0:  0000000b t1:  00000000 t2:  00000000 s0:  0000002d s1:  00000000 a0:  0000000a PC:  0000000c inst:  00555863 Time_Step:  0030
ra:  00000000 sp:  00000000 t0:  0000000b t1:  00000000 t2:  00000000 s0:  0000002d s1:  00000000 a0:  0000000a PC:  00000010 inst:  00a40433 Time_Step:  0031
ra:  00000000 sp:  00000000 t0:  0000000b t1:  00000000 t2:  00000000 s0:  0000002d s1:  00000000 a0:  0000000a PC:  00000014 inst:  00150513 Time_Step:  0032
ra:  00000000 sp:  00000000 t0:  0000000b t1:  00000000 t2:  00000000 s0:  00000037 s1:  00000000 a0:  0000000a PC:  00000018 inst:  ff5ff06f Time_Step:  0033
ra:  00000000 sp:  00000000 t0:  0000000b t1:  00000000 t2:  00000000 s0:  00000037 s1:  00000000 a0:  0000000b PC:  0000001c inst:  00000013 Time_Step:  0034
ra:  00000000 sp:  00000000 t0:  0000000b t1:  00000000 t2:  00000000 s0:  00000037 s1:  00000000 a0:  0000000b PC:  0000000c inst:  00555863 Time_Step:  0035
ra:  00000000 sp:  00000000 t0:  0000000b t1:  00000000 t2:  00000000 s0:  00000037 s1:  00000000 a0:  0000000b PC:  00000010 inst:  00a40433 Time_Step:  0036
ra:  00000000 sp:  00000000 t0:  0000000b t1:  00000000 t2:  00000000 s0:  00000037 s1:  00000000 a0:  0000000b PC:  0000001c inst:  00000013 Time_Step:  0037
ra:  00000000 sp:  00000000 t0:  0000000b t1:  00000000 t2:  00000000 s0:  00000037 s1:  00000000 a0:  0000000b PC:  00000020 inst:  00000000 Time_Step:  0038
ra:  00000000 sp:  00000000 t0:  0000000b t1:  00000000 t2:  00000000 s0:  00000037 s1:  00000000 a0:  0000000b PC:  00000024 inst:  00000000 Time_Step:  0039
