ra:  00000000 sp:  00000000 t0:  00000000 t1:  00000000 t2:  00000000 s0:  00000000 s1:  00000000 a0:  00000000 PC:  00000000 inst:  01600293 Time_Step:  0000
ra:  00000000 sp:  00000000 t0:  00000000 t1:  00000000 t2:  00000000 s0:  00000000 s1:  00000000 a0:  00000000 PC:  00000004 inst:  02100313 Time_Step:  0001
ra:  00000000 sp:  00000000 t0:  00000016 t1:  00000000 t2:  00000000 s0:  00000000 s1:  00000000 a0:  00000000 PC:  00000008 inst:  010000ef Time_Step:  0002
ra:  00000000 sp:  00000000 t0:  00000016 t1:  00000021 t2:  00000000 s0:  00000000 s1:  00000000 a0:  00000000 PC:  0000000c inst:  018000ef Time_Step:  0003
ra:  0000000c sp:  00000000 t0:  00000016 t1:  00000021 t2:  00000000 s0:  00000000 s1:  00000000 a0:  00000000 PC:  00000018 inst:  00000013 Time_Step:  0004
ra:  0000000c sp:  00000000 t0:  00000016 t1:  00000021 t2:  00000000 s0:  00000000 s1:  00000000 a0:  00000000 PC:  0000001c inst:  00000000 Time_Step:  0005
ra:  0000000c sp:  00000000 t0:  00000016 t1:  00000021 t2:  00000000 s0:  00000000 s1:  00000000 a0:  00000000 PC:  00000020 inst:  00000000 Time_Step:  0006
